#garbage
#garbage
#garbage
#garbage
#garbage
#include <string>

int main() {
  return 0;
}
